main.c:84:6:HAL_TIM_PeriodElapsedCallback	16	static
main.c:86:13:timer_run	4	static
main.c:96:6:setTimer1	16	static
main.c:102:6:HAL_UART_RxCpltCallback	16	static
main.c:119:6:command_parser_fsm	4	static
main.c:193:6:uart_communication_fsm	8	static
main.c:250:5:main	8	static
main.c:305:6:SystemClock_Config	88	static
main.c:348:13:MX_ADC1_Init	24	static
main.c:391:13:MX_TIM2_Init	32	static
main.c:434:13:MX_USART2_UART_Init	8	static
main.c:465:13:MX_GPIO_Init	32	static
main.c:491:6:Error_Handler	4	static,ignoring_inline_asm
