main.c:82:6:HAL_TIM_PeriodElapsedCallback	16	static
main.c:84:13:timer_run	4	static
main.c:94:6:setTimer1	16	static
main.c:100:6:HAL_UART_RxCpltCallback	16	static
main.c:117:6:command_parser_fsm	4	static
main.c:191:6:uart_communication_fsm	8	static
main.c:226:5:main	8	static
main.c:281:6:SystemClock_Config	88	static
main.c:324:13:MX_ADC1_Init	24	static
main.c:367:13:MX_TIM2_Init	32	static
main.c:410:13:MX_USART2_UART_Init	8	static
main.c:441:13:MX_GPIO_Init	32	static
main.c:467:6:Error_Handler	4	static,ignoring_inline_asm
